The 'A' value cannot be converted into a list
The 'A' value cannot be converted into a list
The 'A' value cannot be converted into a list
The 'A' value cannot be converted into a list
The 'A' value cannot be converted into a list
The 'A' value cannot be converted into a list
The 'A' value cannot be converted into a list
The 'A' value cannot be converted into a list
The 'A' value cannot be converted into a list
The 'A' value cannot be converted into a list
The 'A' value cannot be converted into a list
The 'A' value cannot be converted into a list
The 'A' value cannot be converted into a list
The 'A' value cannot be converted into a list
The 'A' value cannot be converted into a list
The 'A' value cannot be converted into a list
The 'A' value cannot be converted into a list
The 'A' value cannot be converted into a list
The 'A' value cannot be converted into a list
The 'A' value cannot be converted into a list
The 'A' value cannot be converted into a list
The 'A' value cannot be converted into a list
The 'A' value cannot be converted into a list
The 'A' value cannot be converted into a list
The 'A' value cannot be converted into a list
The 'A' value cannot be converted into a list
The 'A' value cannot be converted into a list
The 'A' value cannot be converted into a list
The 'A' value cannot be converted into a list
The 'A' value cannot be converted into a list
The 'A' value cannot be converted into a list
The 'A' value cannot be converted into a list
The 'A' value cannot be converted into a list
The 'A' value cannot be converted into a list
The 'A' value cannot be converted into a list
The 'A' value cannot be converted into a list
The 'A' value cannot be converted into a list
The 'A' value cannot be converted into a list
The 'A' value cannot be converted into a list
The 'A' value cannot be converted into a list
The 'A' value cannot be converted into a list
The 'A' value cannot be converted into a list
The 'A' value cannot be converted into a list
The 'A' value cannot be converted into a list
The 'A' value cannot be converted into a list
The 'A' value cannot be converted into a list
The 'A' value cannot be converted into a list
The 'A' value cannot be converted into a list
The 'A' value cannot be converted into a list
The 'A' value cannot be converted into a list
The 'A' value cannot be converted into a list
The 'A' value cannot be converted into a list
The 'A' value cannot be converted into a list
The 'A' value cannot be converted into a list
The 'A' value cannot be converted into a list
The 'A' value cannot be converted into a list
The 'A' value cannot be converted into a list
The 'A' value cannot be converted into a list
The 'A' value cannot be converted into a list
The 'A' value cannot be converted into a list
The 'A' value cannot be converted into a list
The 'A' value cannot be converted into a list
The 'A' value cannot be converted into a list
The 'A' value cannot be converted into a list
The 'A' value cannot be converted into a list
The 'A' value cannot be converted into a list
The 'A' value cannot be converted into a list
The 'A' value cannot be converted into a list
The 'A' value cannot be converted into a list
The 'A' value cannot be converted into a list
The 'A' value cannot be converted into a list
The 'A' value cannot be converted into a list
The 'A' value cannot be converted into a list
The 'A' value cannot be converted into a list
The 'A' value cannot be converted into a list
The 'A' value cannot be converted into a list
The 'A' value cannot be converted into a list
The 'A' value cannot be converted into a list
The 'A' value cannot be converted into a list
The 'A' value cannot be converted into a list
The 'A' value cannot be converted into a list
The 'A' value cannot be converted into a list
The 'A' value cannot be converted into a list
The 'A' value cannot be converted into a list
The 'A' value cannot be converted into a list
The 'A' value cannot be converted into a list
The 'A' value cannot be converted into a list
The 'A' value cannot be converted into a list
The 'A' value cannot be converted into a list
The 'A' value cannot be converted into a list
The 'A' value cannot be converted into a list
The 'A' value cannot be converted into a list
The 'A' value cannot be converted into a list
The 'A' value cannot be converted into a list
The 'A' value cannot be converted into a list
The 'A' value cannot be converted into a list
The 'A' value cannot be converted into a list
The 'A' value cannot be converted into a list
The 'A' value cannot be converted into a list
The 'A' value cannot be converted into a list
The 'A' value cannot be converted into a list
The 'A' value cannot be converted into a list
The 'A' value cannot be converted into a list
The 'A' value cannot be converted into a list
The 'A' value cannot be converted into a list
The 'A' value cannot be converted into a list
The 'A' value cannot be converted into a list
The 'A' value cannot be converted into a list
The 'A' value cannot be converted into a list
The 'A' value cannot be converted into a list
The 'A' value cannot be converted into a list
The 'A' value cannot be converted into a list
The 'A' value cannot be converted into a list
The 'A' value cannot be converted into a list
The 'A' value cannot be converted into a list
The 'A' value cannot be converted into a list
The 'A' value cannot be converted into a list
The 'A' value cannot be converted into a list
The 'A' value cannot be converted into a list
The 'A' value cannot be converted into a list
The 'A' value cannot be converted into a list
The 'A' value cannot be converted into a list
The 'A' value cannot be converted into a list
The 'A' value cannot be converted into a list
The 'A' value cannot be converted into a list
The 'A' value cannot be converted into a list
The 'A' value cannot be converted into a list
The 'A' value cannot be converted into a list
The 'A' value cannot be converted into a list
The 'A' value cannot be converted into a list
The 'A' value cannot be converted into a list
The 'A' value cannot be converted into a list
The 'A' value cannot be converted into a list
The 'A' value cannot be converted into a list
The 'A' value cannot be converted into a list
The 'A' value cannot be converted into a list
The 'A' value cannot be converted into a list
The 'A' value cannot be converted into a list
The 'A' value cannot be converted into a list
The 'A' value cannot be converted into a list
The 'A' value cannot be converted into a list
The 'A' value cannot be converted into a list
The 'A' value cannot be converted into a list
The 'A' value cannot be converted into a list
The 'A' value cannot be converted into a list
The 'A' value cannot be converted into a list
The 'A' value cannot be converted into a list
The 'A' value cannot be converted into a list
The 'A' value cannot be converted into a list
The 'A' value cannot be converted into a list
The 'A' value cannot be converted into a list
The 'A' value cannot be converted into a list
The 'A' value cannot be converted into a list
The 'A' value cannot be converted into a list
The 'A' value cannot be converted into a list
The 'A' value cannot be converted into a list
The 'A' value cannot be converted into a list
The 'A' value cannot be converted into a list
The 'A' value cannot be converted into a list
The 'A' value cannot be converted into a list
The 'A' value cannot be converted into a list
The 'A' value cannot be converted into a list
The 'A' value cannot be converted into a list
The 'A' value cannot be converted into a list
The 'A' value cannot be converted into a list
The 'A' value cannot be converted into a list
The 'A' value cannot be converted into a list
The 'A' value cannot be converted into a list
The 'A' value cannot be converted into a list
The 'A' value cannot be converted into a list
The 'A' value cannot be converted into a list
The 'A' value cannot be converted into a list
The 'A' value cannot be converted into a list
The 'A' value cannot be converted into a list
The 'A' value cannot be converted into a list
The 'A' value cannot be converted into a list
The 'A' value cannot be converted into a list
The 'A' value cannot be converted into a list
The 'A' value cannot be converted into a list
The 'A' value cannot be converted into a list
The 'A' value cannot be converted into a list
The 'A' value cannot be converted into a list
The 'A' value cannot be converted into a list
The 'A' value cannot be converted into a list
The 'A' value cannot be converted into a list
[Tue Jun 25 11:44:40 2024]	FATAL ERROR
[Tue Jun 25 11:44:40 2024]	ERROR : The file '/home/dreano/Desktop/Grid_methods/config/hotspot_parameters.txt' does not exist
The 'A' value cannot be converted into a list
[Fri Aug 16 13:13:00 2024]	FATAL ERROR
[Fri Aug 16 13:13:00 2024]	ERROR : The file '*_step_1.pdb' does not exist
[Fri Aug 16 13:16:09 2024]	FATAL ERROR
[Fri Aug 16 13:16:09 2024]	ERROR : The file '*_step_1.pdb' does not exist
[Wed Aug 28 14:02:06 2024]	FATAL ERROR
[Wed Aug 28 14:02:06 2024]	ERROR : The file '/home/dreano/Desktop/Grid_methods/data/output/Score_test_set/test_set_scored/1gvk/1gvk_scored.pdb' does not exist
[Wed Jan 22 11:48:00 2025]	FATAL ERROR
[Wed Jan 22 11:48:00 2025]	ERROR : The '/mnt/c9cf456b-9a69-4cb2-a7d6-4f9b7533bd83/test_set_hotspot/21_01_2025-15_22/cleaned_dataset/' directory does not exist
[Fri Jul 24 11:05:22 2026]	FATAL ERROR
[Fri Jul 24 11:05:22 2026]	ERROR : There is not enough valid PDB structure to run a comparison, at least 2 are required
